---
source: src/locals.rs
assertion_line: 420
expression: dumped
---
  package main
//        ^^^^ definition  local 3
  
  func main() {
   local := true
// ^^^^^ definition  local 4
   something := func(local int) int {
// ^^^^^^^^^ definition  local 5
//                   ^^^^^ definition  local 6
    return local
   }
  
   println(local, something)
//         ^^^^^ reference  local 4
//                ^^^^^^^^^ reference  local 5
  }
  
  func Another(local int) int {
//     ^^^^^^^ definition  local 1
//             ^^^^^ definition  local 2
   return local
//        ^^^^^ reference  local 2
  }

