---
source: src/locals.rs
assertion_line: 432
expression: dumped
---
  package main
//        ^^^^ definition  local 1
  
  func main() {
   local := 5
// ^^^^^ definition  local 3
   something := func(unrelated int) int {
// ^^^^^^^^^ definition  local 2
//                   ^^^^^^^^^ definition  local 4
    superNested := func(deeplyNested int) int {
//  ^^^^^^^^^^^ definition  local 6
//                      ^^^^^^^^^^^^ definition  local 8
     return local + unrelated + deeplyNested
    }
  
    overwriteName := func(local int) int {
//  ^^^^^^^^^^^^^ definition  local 7
//                        ^^^^^ definition  local 5
     return local + unrelated
//          ^^^^^ reference  local 5
    }
  
    return superNested(1) + overwriteName(1)
//         ^^^^^^^^^^^ reference  local 6
//                          ^^^^^^^^^^^^^ reference  local 7
   }
  
   println(local, something)
//         ^^^^^ reference  local 3
//                ^^^^^^^^^ reference  local 2
  }

